mode: set
nemi/internal/build/build.go:13.40,15.16 2 1
nemi/internal/build/build.go:15.16,17.3 1 1
nemi/internal/build/build.go:19.2,20.16 2 1
nemi/internal/build/build.go:20.16,22.3 1 1
nemi/internal/build/build.go:24.2,26.47 2 1
nemi/internal/build/build.go:26.47,28.3 1 0
nemi/internal/build/build.go:30.2,31.39 2 1
nemi/internal/build/build.go:31.39,33.3 1 1
nemi/internal/build/build.go:35.2,35.39 1 1
nemi/internal/build/build.go:38.40,39.81 1 1
nemi/internal/build/build.go:39.81,40.17 1 1
nemi/internal/build/build.go:40.17,41.26 1 1
nemi/internal/build/build.go:41.26,43.5 1 1
nemi/internal/build/build.go:44.4,44.14 1 1
nemi/internal/build/build.go:46.3,48.16 3 1
nemi/internal/build/build.go:48.16,50.4 1 1
nemi/internal/build/build.go:51.3,52.17 2 1
nemi/internal/build/build.go:52.17,54.4 1 1
nemi/internal/build/build.go:55.3,55.40 1 1
nemi/internal/config/config.go:36.40,40.2 3 1
nemi/internal/content/content.go:58.52,60.81 2 1
nemi/internal/content/content.go:60.81,61.65 1 1
nemi/internal/content/content.go:61.65,63.4 1 1
nemi/internal/content/content.go:64.3,65.17 2 1
nemi/internal/content/content.go:65.17,67.4 1 1
nemi/internal/content/content.go:68.3,68.28 1 1
nemi/internal/content/content.go:68.28,70.4 1 1
nemi/internal/content/content.go:71.3,71.13 1 1
nemi/internal/content/content.go:73.2,73.19 1 1
nemi/internal/content/content.go:76.48,78.16 2 1
nemi/internal/content/content.go:78.16,80.3 1 1
nemi/internal/content/content.go:82.2,85.17 3 1
nemi/internal/content/content.go:85.17,86.52 1 1
nemi/internal/content/content.go:86.52,88.4 1 1
nemi/internal/content/content.go:91.2,92.53 2 1
nemi/internal/content/content.go:92.53,94.3 1 0
nemi/internal/content/content.go:96.2,101.18 5 1
nemi/internal/content/content.go:101.18,103.3 1 1
nemi/internal/content/content.go:105.2,122.8 1 1
nemi/internal/content/content.go:125.65,126.16 1 1
nemi/internal/content/content.go:126.16,128.3 1 1
nemi/internal/content/content.go:129.2,129.101 1 1
nemi/internal/content/content.go:129.101,130.16 1 1
nemi/internal/content/content.go:130.16,132.4 1 1
nemi/internal/content/content.go:134.2,134.15 1 1
nemi/internal/content/content.go:134.15,136.3 1 1
nemi/internal/content/content.go:137.2,137.19 1 1
nemi/internal/content/content.go:137.19,139.3 1 1
nemi/internal/content/content.go:140.2,140.17 1 1
nemi/internal/content/content.go:143.41,148.2 4 1
nemi/internal/content/content.go:150.54,151.45 1 1
nemi/internal/content/content.go:151.45,153.3 1 1
nemi/internal/content/content.go:154.2,156.15 3 1
nemi/internal/content/content.go:156.15,158.3 1 1
nemi/internal/content/content.go:159.2,160.42 2 1
nemi/internal/content/content.go:160.42,162.3 1 1
nemi/internal/content/content.go:163.2,163.31 1 1
nemi/internal/content/content.go:166.40,171.39 5 1
nemi/internal/content/content.go:171.39,173.3 1 1
nemi/internal/content/content.go:174.2,175.12 2 1
nemi/internal/content/content.go:178.34,179.16 1 1
nemi/internal/content/content.go:179.16,181.3 1 1
nemi/internal/content/content.go:182.2,182.25 1 1
nemi/internal/content/content.go:185.43,188.20 3 1
nemi/internal/content/content.go:188.20,190.3 1 1
nemi/internal/content/content.go:191.2,191.11 1 1
nemi/internal/renderer/renderer.go:27.66,33.2 1 1
nemi/internal/renderer/renderer.go:35.52,36.55 1 1
nemi/internal/renderer/renderer.go:36.55,38.3 1 1
nemi/internal/renderer/renderer.go:41.2,44.31 3 1
nemi/internal/renderer/renderer.go:44.31,45.18 1 1
nemi/internal/renderer/renderer.go:45.18,47.4 1 1
nemi/internal/renderer/renderer.go:47.9,49.4 1 1
nemi/internal/renderer/renderer.go:53.2,53.34 1 1
nemi/internal/renderer/renderer.go:53.34,54.21 1 1
nemi/internal/renderer/renderer.go:54.21,56.4 1 1
nemi/internal/renderer/renderer.go:57.3,57.50 1 1
nemi/internal/renderer/renderer.go:57.50,59.4 1 1
nemi/internal/renderer/renderer.go:63.2,63.43 1 1
nemi/internal/renderer/renderer.go:63.43,64.41 1 1
nemi/internal/renderer/renderer.go:64.41,65.12 1 1
nemi/internal/renderer/renderer.go:67.3,76.50 2 1
nemi/internal/renderer/renderer.go:76.50,78.4 1 1
nemi/internal/renderer/renderer.go:81.2,81.12 1 1
nemi/internal/renderer/renderer.go:84.75,86.16 2 1
nemi/internal/renderer/renderer.go:86.16,88.3 1 1
nemi/internal/renderer/renderer.go:90.2,92.65 3 1
nemi/internal/renderer/renderer.go:92.65,94.3 1 1
nemi/internal/renderer/renderer.go:96.2,97.65 2 1
nemi/internal/renderer/renderer.go:97.65,99.3 1 1
nemi/internal/renderer/renderer.go:100.2,100.49 1 1
nemi/internal/renderer/renderer.go:103.76,105.16 2 1
nemi/internal/renderer/renderer.go:105.16,107.3 1 1
nemi/internal/renderer/renderer.go:108.2,109.16 2 1
nemi/internal/renderer/renderer.go:109.16,111.41 2 1
nemi/internal/renderer/renderer.go:111.41,113.4 1 1
nemi/internal/renderer/renderer.go:114.3,115.17 2 1
nemi/internal/renderer/renderer.go:115.17,117.4 1 1
nemi/internal/renderer/renderer.go:120.2,121.28 1 1
nemi/internal/renderer/renderer.go:121.28,121.41 1 1
nemi/internal/renderer/renderer.go:123.2,123.51 1 1
nemi/internal/renderer/renderer.go:123.51,125.3 1 1
nemi/internal/renderer/renderer.go:126.2,126.75 1 1
nemi/internal/renderer/renderer.go:126.75,128.3 1 1
nemi/internal/renderer/renderer.go:129.2,129.18 1 1
nemi/internal/renderer/renderer.go:132.65,134.16 2 1
nemi/internal/renderer/renderer.go:134.16,136.3 1 1
nemi/internal/renderer/renderer.go:137.2,137.26 1 1
nemi/internal/renderer/renderer.go:140.51,141.16 1 1
nemi/internal/renderer/renderer.go:141.16,143.3 1 1
nemi/internal/renderer/renderer.go:144.2,144.19 1 1
nemi/internal/renderer/renderer.go:144.19,146.3 1 1
nemi/internal/renderer/renderer.go:147.2,147.75 1 1
nemi/internal/renderer/renderer.go:150.54,153.38 3 1
nemi/internal/renderer/renderer.go:153.38,155.3 1 1
nemi/internal/renderer/renderer.go:156.2,156.12 1 1
nemi/internal/renderer/renderer.go:159.34,160.13 1 1
nemi/internal/renderer/renderer.go:160.13,162.3 1 1
nemi/internal/renderer/renderer.go:163.2,163.39 1 1
nemi/internal/migrate/hugo.go:19.45,20.40 1 1
nemi/internal/migrate/hugo.go:20.40,22.3 1 1
nemi/internal/migrate/hugo.go:23.2,23.47 1 1
nemi/internal/migrate/hugo.go:23.47,25.3 1 1
nemi/internal/migrate/hugo.go:27.2,30.16 3 1
nemi/internal/migrate/hugo.go:30.16,32.3 1 1
nemi/internal/migrate/hugo.go:33.2,33.48 1 1
nemi/internal/migrate/hugo.go:33.48,35.3 1 0
nemi/internal/migrate/hugo.go:37.2,38.47 2 1
nemi/internal/migrate/hugo.go:38.47,39.90 1 1
nemi/internal/migrate/hugo.go:39.90,41.4 1 1
nemi/internal/migrate/hugo.go:44.2,45.46 2 1
nemi/internal/migrate/hugo.go:45.46,47.17 2 1
nemi/internal/migrate/hugo.go:47.17,49.4 1 0
nemi/internal/migrate/hugo.go:50.3,50.16 1 1
nemi/internal/migrate/hugo.go:53.2,53.15 1 1
nemi/internal/migrate/hugo.go:56.59,57.81 1 1
nemi/internal/migrate/hugo.go:57.81,58.17 1 1
nemi/internal/migrate/hugo.go:58.17,60.4 1 1
nemi/internal/migrate/hugo.go:61.3,64.16 3 1
nemi/internal/migrate/hugo.go:64.16,66.4 1 1
nemi/internal/migrate/hugo.go:67.3,67.38 1 1
nemi/internal/migrate/hugo.go:67.38,69.4 1 1
nemi/internal/migrate/hugo.go:71.3,72.17 2 1
nemi/internal/migrate/hugo.go:72.17,74.4 1 1
nemi/internal/migrate/hugo.go:76.3,77.17 2 1
nemi/internal/migrate/hugo.go:77.17,80.4 2 1
nemi/internal/migrate/hugo.go:81.3,81.30 1 1
nemi/internal/migrate/hugo.go:81.30,83.4 1 1
nemi/internal/migrate/hugo.go:85.3,92.58 2 1
nemi/internal/migrate/hugo.go:92.58,94.4 1 0
nemi/internal/migrate/hugo.go:95.3,96.13 2 1
nemi/internal/migrate/hugo.go:100.37,101.16 1 1
nemi/internal/migrate/hugo.go:101.16,103.3 1 1
nemi/internal/migrate/hugo.go:104.2,104.31 1 1
nemi/internal/migrate/hugo.go:107.42,110.2 2 1
nemi/internal/migrate/hugo.go:120.64,124.44 2 1
nemi/internal/migrate/hugo.go:124.44,127.16 3 1
nemi/internal/migrate/hugo.go:127.16,129.4 1 1
nemi/internal/migrate/hugo.go:130.3,131.43 2 1
nemi/internal/migrate/hugo.go:131.43,133.4 1 1
nemi/internal/migrate/hugo.go:134.3,135.29 2 1
nemi/internal/migrate/hugo.go:139.2,139.44 1 1
nemi/internal/migrate/hugo.go:139.44,142.16 3 1
nemi/internal/migrate/hugo.go:142.16,144.4 1 1
nemi/internal/migrate/hugo.go:145.3,146.43 2 1
nemi/internal/migrate/hugo.go:146.43,148.4 1 1
nemi/internal/migrate/hugo.go:149.3,150.29 2 1
nemi/internal/migrate/hugo.go:154.2,154.57 1 1
nemi/internal/migrate/hugo.go:154.57,156.16 2 1
nemi/internal/migrate/hugo.go:156.16,158.44 2 1
nemi/internal/migrate/hugo.go:158.44,160.5 1 1
nemi/internal/migrate/hugo.go:161.4,162.30 2 1
nemi/internal/migrate/hugo.go:166.2,166.22 1 1
nemi/internal/migrate/hugo.go:169.56,175.34 2 1
nemi/internal/migrate/hugo.go:175.34,177.17 2 1
nemi/internal/migrate/hugo.go:177.17,178.12 1 1
nemi/internal/migrate/hugo.go:180.3,180.68 1 1
nemi/internal/migrate/hugo.go:182.2,182.65 1 1
nemi/internal/migrate/hugo.go:185.70,188.13 3 1
nemi/internal/migrate/hugo.go:189.15,190.41 1 1
nemi/internal/migrate/hugo.go:191.23,192.33 1 1
nemi/internal/migrate/hugo.go:193.15,194.33 1 1
nemi/internal/migrate/hugo.go:196.2,196.16 1 1
nemi/internal/migrate/hugo.go:196.16,198.3 1 1
nemi/internal/migrate/hugo.go:200.2,214.17 8 1
nemi/internal/migrate/jekyll.go:17.47,18.40 1 1
nemi/internal/migrate/jekyll.go:18.40,20.3 1 1
nemi/internal/migrate/jekyll.go:21.2,21.47 1 1
nemi/internal/migrate/jekyll.go:21.47,23.3 1 1
nemi/internal/migrate/jekyll.go:25.2,28.16 3 1
nemi/internal/migrate/jekyll.go:28.16,30.3 1 1
nemi/internal/migrate/jekyll.go:31.2,31.48 1 1
nemi/internal/migrate/jekyll.go:31.48,33.3 1 0
nemi/internal/migrate/jekyll.go:36.2,37.45 2 1
nemi/internal/migrate/jekyll.go:37.45,38.96 1 1
nemi/internal/migrate/jekyll.go:38.96,40.4 1 1
nemi/internal/migrate/jekyll.go:44.2,45.45 2 1
nemi/internal/migrate/jekyll.go:45.45,46.88 1 1
nemi/internal/migrate/jekyll.go:46.88,48.4 1 1
nemi/internal/migrate/jekyll.go:52.2,52.86 1 1
nemi/internal/migrate/jekyll.go:52.86,54.3 1 1
nemi/internal/migrate/jekyll.go:57.2,57.70 1 1
nemi/internal/migrate/jekyll.go:57.70,59.46 2 1
nemi/internal/migrate/jekyll.go:59.46,61.18 2 1
nemi/internal/migrate/jekyll.go:61.18,63.5 1 0
nemi/internal/migrate/jekyll.go:64.4,64.17 1 1
nemi/internal/migrate/jekyll.go:68.2,68.15 1 1
nemi/internal/migrate/jekyll.go:71.59,72.81 1 1
nemi/internal/migrate/jekyll.go:72.81,73.65 1 1
nemi/internal/migrate/jekyll.go:73.65,75.4 1 1
nemi/internal/migrate/jekyll.go:77.3,81.17 4 1
nemi/internal/migrate/jekyll.go:81.17,83.4 1 1
nemi/internal/migrate/jekyll.go:85.3,86.22 2 1
nemi/internal/migrate/jekyll.go:86.22,88.4 1 1
nemi/internal/migrate/jekyll.go:90.3,91.37 2 1
nemi/internal/migrate/jekyll.go:91.37,93.4 1 1
nemi/internal/migrate/jekyll.go:95.3,96.44 2 1
nemi/internal/migrate/jekyll.go:96.44,98.4 1 1
nemi/internal/migrate/jekyll.go:100.3,101.47 2 1
nemi/internal/migrate/jekyll.go:101.47,103.4 1 1
nemi/internal/migrate/jekyll.go:105.3,107.25 2 1
nemi/internal/migrate/jekyll.go:107.25,109.4 1 1
nemi/internal/migrate/jekyll.go:110.3,110.22 1 1
nemi/internal/migrate/jekyll.go:110.22,112.4 1 1
nemi/internal/migrate/jekyll.go:114.3,121.81 2 1
nemi/internal/migrate/jekyll.go:121.81,123.4 1 0
nemi/internal/migrate/jekyll.go:124.3,125.13 2 1
nemi/internal/migrate/jekyll.go:129.59,130.81 1 1
nemi/internal/migrate/jekyll.go:130.81,131.65 1 1
nemi/internal/migrate/jekyll.go:131.65,133.4 1 1
nemi/internal/migrate/jekyll.go:134.3,136.17 3 1
nemi/internal/migrate/jekyll.go:136.17,138.4 1 1
nemi/internal/migrate/jekyll.go:139.3,140.22 2 1
nemi/internal/migrate/jekyll.go:140.22,142.4 1 1
nemi/internal/migrate/jekyll.go:143.3,150.74 2 1
nemi/internal/migrate/jekyll.go:150.74,152.4 1 0
nemi/internal/migrate/jekyll.go:153.3,154.13 2 1
nemi/internal/migrate/jekyll.go:164.63,166.16 2 1
nemi/internal/migrate/jekyll.go:166.16,168.3 1 0
nemi/internal/migrate/jekyll.go:169.2,169.28 1 1
nemi/internal/migrate/jekyll.go:169.28,171.51 2 1
nemi/internal/migrate/jekyll.go:171.51,172.12 1 1
nemi/internal/migrate/jekyll.go:174.3,174.90 1 1
nemi/internal/migrate/jekyll.go:174.90,175.12 1 1
nemi/internal/migrate/jekyll.go:177.3,178.17 2 1
nemi/internal/migrate/jekyll.go:178.17,180.4 1 1
nemi/internal/migrate/jekyll.go:181.3,182.22 2 1
nemi/internal/migrate/jekyll.go:182.22,184.4 1 1
nemi/internal/migrate/jekyll.go:185.3,192.75 2 1
nemi/internal/migrate/jekyll.go:192.75,194.4 1 0
nemi/internal/migrate/jekyll.go:195.3,195.12 1 1
nemi/internal/migrate/jekyll.go:197.2,197.12 1 1
nemi/internal/migrate/jekyll.go:212.68,214.45 2 1
nemi/internal/migrate/jekyll.go:214.45,216.3 1 1
nemi/internal/migrate/jekyll.go:217.2,219.15 3 1
nemi/internal/migrate/jekyll.go:219.15,221.3 1 1
nemi/internal/migrate/jekyll.go:222.2,223.42 2 1
nemi/internal/migrate/jekyll.go:223.42,225.3 1 1
nemi/internal/migrate/jekyll.go:226.2,227.28 2 1
nemi/internal/migrate/jekyll.go:230.58,231.63 1 1
nemi/internal/migrate/jekyll.go:231.63,233.17 2 1
nemi/internal/migrate/jekyll.go:233.17,234.12 1 1
nemi/internal/migrate/jekyll.go:236.3,237.50 2 1
nemi/internal/migrate/jekyll.go:237.50,239.4 1 1
nemi/internal/migrate/jekyll.go:241.3,245.59 3 1
nemi/internal/migrate/jekyll.go:245.59,247.4 1 1
nemi/internal/migrate/jekyll.go:248.3,250.34 2 1
nemi/internal/migrate/jekyll.go:251.15,252.23 1 1
nemi/internal/migrate/jekyll.go:253.23,258.47 5 1
nemi/internal/migrate/jekyll.go:260.3,260.30 1 1
nemi/internal/migrate/jekyll.go:260.30,262.4 1 1
nemi/internal/migrate/jekyll.go:263.3,263.31 1 1
nemi/internal/migrate/jekyll.go:263.31,265.4 1 1
nemi/internal/migrate/jekyll.go:267.3,267.18 1 1
nemi/internal/migrate/jekyll.go:269.2,269.67 1 1
nemi/internal/migrate/jekyll.go:273.58,274.76 1 1
nemi/internal/migrate/jekyll.go:274.76,276.3 1 1
nemi/internal/migrate/jekyll.go:277.2,277.17 1 1
nemi/internal/migrate/jekyll.go:280.34,283.2 2 1
nemi/internal/migrate/migrate.go:21.35,23.2 1 1
nemi/internal/migrate/migrate.go:34.59,35.62 1 1
nemi/internal/migrate/migrate.go:35.62,37.3 1 1
nemi/internal/migrate/migrate.go:38.2,39.16 2 1
nemi/internal/migrate/migrate.go:39.16,41.3 1 1
nemi/internal/migrate/migrate.go:42.2,46.39 5 1
nemi/internal/migrate/migrate.go:46.39,48.3 1 0
nemi/internal/migrate/migrate.go:49.2,51.12 3 1
nemi/internal/migrate/migrate.go:54.57,56.16 2 1
nemi/internal/migrate/migrate.go:56.16,58.3 1 1
nemi/internal/migrate/migrate.go:59.2,60.40 2 1
nemi/internal/migrate/migrate.go:60.40,60.75 1 1
nemi/internal/migrate/migrate.go:61.2,65.27 5 1
nemi/internal/migrate/migrate.go:65.27,67.3 1 1
nemi/internal/migrate/migrate.go:68.2,68.28 1 1
nemi/internal/migrate/migrate.go:68.28,70.3 1 1
nemi/internal/migrate/migrate.go:71.2,71.29 1 1
nemi/internal/migrate/migrate.go:71.29,73.3 1 1
nemi/internal/migrate/migrate.go:74.2,74.30 1 1
nemi/internal/migrate/migrate.go:74.30,76.3 1 1
nemi/internal/migrate/migrate.go:77.2,77.31 1 1
nemi/internal/migrate/migrate.go:77.31,79.3 1 1
nemi/internal/migrate/migrate.go:80.2,84.12 5 1
nemi/internal/migrate/migrate.go:87.44,89.81 2 1
nemi/internal/migrate/migrate.go:89.81,90.17 1 1
nemi/internal/migrate/migrate.go:90.17,92.4 1 1
nemi/internal/migrate/migrate.go:93.3,95.16 3 1
nemi/internal/migrate/migrate.go:95.16,97.4 1 1
nemi/internal/migrate/migrate.go:98.3,98.48 1 1
nemi/internal/migrate/migrate.go:98.48,100.4 1 1
nemi/internal/migrate/migrate.go:101.3,102.13 2 1
nemi/internal/migrate/migrate.go:104.2,104.19 1 1
nemi/internal/migrate/migrate.go:107.38,108.61 1 1
nemi/internal/migrate/migrate.go:108.61,110.3 1 1
nemi/internal/migrate/migrate.go:111.2,112.16 2 1
nemi/internal/migrate/migrate.go:112.16,114.3 1 1
nemi/internal/migrate/migrate.go:115.2,117.16 3 1
nemi/internal/migrate/migrate.go:117.16,119.3 1 1
nemi/internal/migrate/migrate.go:120.2,122.12 3 1
nemi/internal/migrate/migrate.go:125.50,126.14 1 1
nemi/internal/migrate/migrate.go:126.14,128.3 1 1
nemi/internal/migrate/migrate.go:129.2,130.10 2 1
nemi/internal/migrate/migrate.go:133.58,134.14 1 1
nemi/internal/migrate/migrate.go:134.14,136.3 1 1
nemi/internal/migrate/migrate.go:137.2,138.11 2 1
nemi/internal/migrate/migrate.go:141.43,142.25 1 1
nemi/internal/migrate/migrate.go:142.25,143.14 1 1
nemi/internal/migrate/migrate.go:143.14,145.4 1 1
nemi/internal/migrate/migrate.go:147.2,147.11 1 1
